---
source: crates/kaish-kernel/tests/ledger_core_tests.rs
assertion_line: 797
expression: block
---
impl Requester {
    /// Post a request. `draft` carries only what a producer supplies
    /// (`ApprovalRequest::builder`, spec §D.1); `origin` carries everything
    /// the kernel stamps — scope, parent, binding, principal, capture — so a
    /// caller cannot forge a principal or an invocation.
    pub async fn post_request(
        &self,
        draft: ApprovalRequestDraft,
        origin: RequestOrigin,
    ) -> Result<ApprovalRequest, LedgerError> {
        // A dropped guard's queued settlement can be the only thing standing
        // between a closed-but-undrained chain and room for this post:
        // `post_request` reads `live_count_total`/`live_count_by_principal`
        // and reserves ring/sink capacity, both of which a drained close
        // would relieve. Every append-producing method on this handle and
        // `ApproverHandle` drains first for the same reason — not only the
        // methods that read `live_attempt` directly (a review finding this
        // PR's first pass missed: `cargo test` never sees a live_capacity: 1
        // + a dropped guard + an immediate second post in the same breath,
        // so a narrower drain set looked sufficient until it was pointed
        // out).
        self.0.drain_outbox();
        self.0.post_request(draft, origin)
    }

    /// Reserve an attempt by name, using an internal redemption context
    /// (the replay path — spec §B.4) rather than a presented credential.
    /// `report` is what the [`StateResolver`](super::StateResolver)s saw for
    /// each of the grant's conditions, evaluated *outside* the ledger lock
    /// and carried in (spec §B.1); pass [`ConditionReport::none`] for an
    /// unconditioned grant. A report that could not observe a resource
    /// refuses and voids the grant — it never passes.
    pub async fn redeem(
        &self,
        id: &RequestId,
        by: Principal,
        report: ConditionReport,
    ) -> Result<AttemptHandle, LedgerError> {
        // A stale queued `Unknown` for this chain's live attempt would leave
        // `live_attempt` looking occupied to this call — drain first so a
        // dropped guard's settlement lands before the reservation check
        // reads it (spec §C.1's "drains on its next append").
        self.0.drain_outbox();
        self.0
            .redeem(id, by, report)
            .map(|attempt| AttemptHandle {
                request: id.clone(),
                attempt,
            })
    }

    /// Reserve an attempt by presenting a bearer credential (the
    /// `--confirm=<token>` path — spec §E.1). `id` is the request the
    /// presentation claims to be for (in the full system, resolved by the
    /// gate site's draft matcher, PR 5 — see this PR's flagged ambiguity in
    /// the PR body for why PR 2 takes it as a direct argument). A wrong
    /// `presented` value counts against `id`'s rejection total and, on the
    /// fifth, voids it (spec §F.3).
    pub async fn redeem_with_token(
        &self,
        id: &RequestId,
        presented: &str,
        by: Principal,
        report: ConditionReport,
    ) -> Result<AttemptHandle, LedgerError> {
        // See `redeem`'s identical drain — the same `live_attempt` staleness
        // concern applies to the token-presentation path.
        self.0.drain_outbox();
        self.0
            .redeem_with_token(id, presented, by, report)
            .map(|attempt| AttemptHandle {
                request: id.clone(),
                attempt,
            })
    }

    /// Report an attempt's terminal outcome. Idempotent by `AttemptId`
    /// (spec §A.1): settling an already-terminal attempt appends nothing
    /// and returns `Ok`. Returns whether a new entry was actually appended.
    pub async fn settle(&self, attempt: &AttemptHandle, outcome: Outcome) -> Result<bool, LedgerError> {
        self.0.drain_outbox();
        self.0.settle(&attempt.request, attempt.attempt, outcome)
    }

    /// Settle by explicit ids rather than this crate's opaque
    /// [`AttemptHandle`] — for `ExecContext::settle_with` (ledger PR 3),
    /// which receives a `kaish_tool_api::AttemptHandle` (a distinct type;
    /// see that crate's `approval` module for why) and has only
    /// `request_id()`/`attempt_id()` to work with, not this handle's
    /// private fields. Same idempotency and drain contract as
    /// [`Self::settle`].
    pub async fn settle_by_ids(
        &self,
        request: &RequestId,
        attempt: AttemptId,
        outcome: Outcome,
    ) -> Result<bool, LedgerError> {
        self.0.drain_outbox();
        self.0.settle(request, attempt, outcome)
    }

    /// Queue a best-effort settlement for the next drain, without settling
    /// synchronously. For `AttemptGuard::drop` (PR 3, `kaish-kernel`'s
    /// dispatcher), which cannot `.await` `Self::settle` from a destructor —
    /// see `LedgerInner::queue_outbox_settle`'s doc for the mechanism.
    ///
    /// Not part of the supported public surface — a tool has no legitimate
    /// reason to queue a settlement without also reserving the attempt, and
    /// this method exists purely for the dispatcher's own guard.
    #[doc(hidden)]
    pub fn queue_drop_settle(&self, attempt: &AttemptHandle, outcome: Outcome) {
        self.0.queue_outbox_settle(attempt.request.clone(), attempt.attempt, outcome);
    }

    /// Abandon a request before any attempt was reserved against it (job
    /// discarded, session shutdown — spec §B.2). Fails with
    /// `LedgerError::AttemptInFlight` if an attempt is currently `Reserved`
    /// — settle or let the sweep close it first.
    pub async fn abandon_request(&self, id: &RequestId, reason: impl Into<String> + Send) -> Result<(), LedgerError> {
        // An attempt whose guard already dropped (queued but not yet
        // drained) would wrongly still look `Reserved` to this call's
        // `AttemptInFlight` check.
        self.0.drain_outbox();
        self.0.abandon_request(id, reason.into())
    }

    /// Record a credential presentation whose draft named no request the
    /// ledger can identify (spec §F.3 item 2). It counts against nothing —
    /// a guesser cannot void a request it cannot describe.
    pub fn reject_unmatched_key(&self) {
        self.0.record_unmatched_key();
    }

    /// Close an undecided request (spec §B.5). Nothing times a request out
    /// (spec §A.10), so this is the only way one that nobody decides ever
    /// ends — and every teardown path that can strand a request calls it.
    ///
    /// Cancellation is a **requester** action: the principal that owns the
    /// request may close it holding no authority at all. Refused when the
    /// request is already terminal, or when an attempt against it is in
    /// flight — the operation is running, so nothing is stranded yet.
    ///
    /// `expected_revision` is the revision the caller's view of the request
    /// was at (spec §B.6). A cancel quoting a stale one is refused and
    /// recorded as `RevisionRejected` rather than applied — this is what
    /// lets a deadline timer and a human's decision race safely: whichever
    /// commits first invalidates the other's quote.
    ///
    /// Returns the closed request, so a caller can walk its `supersedes`
    /// chain or re-raise the same intent.
    pub async fn cancel(
        &self,
        id: &RequestId,
        expected_revision: u64,
        by: Principal,
        reason: CancelReason,
    ) -> Result<ApprovalRequest, LedgerError> {
        // An attempt whose guard already dropped (queued but not yet
        // drained) would wrongly still look `Reserved` to the in-flight
        // check — the same reason `abandon_request` drains.
        self.0.drain_outbox();
        self.0.cancel(id, expected_revision, by, reason)
    }

    /// Post one `Observed` entry: an `observe` subscription covered a
    /// mutation, or the statement tap recorded a statement, and either way
    /// it proceeds (spec §C.5, §C.6). A record, not a request — no chain is
    /// opened, nothing lands in the live index, and there is no grant to
    /// redeem. Lives on the implementation side because the gate sites are
    /// what classify a path as observed; nothing here decides anything.
    ///
    /// `plan` is `Some` exactly for the statement tap.
    ///
    /// What `Err` means differs by caller, and deliberately: an `fs.*` gate
    /// site fails the operation closed, because an operator who subscribed
    /// asked for a complete record; the statement tap warns and runs, because
    /// nobody opted into a completeness guarantee there (spec §C.6).
    pub async fn observed(
        &self,
        operation: OperationId,
        scope: ApprovalScope,
        by: Principal,
        resources: Vec<ObservedResource>,
        plan: Option<Plan>,
    ) -> Result<(), LedgerError> {
        // Same reason as `post_request`: a queued settlement can be what
        // frees the ring capacity this append reserves.
        self.0.drain_outbox();
        self.0.post_observed(operation, scope, by, resources, plan)
    }
}
