---
source: crates/kaish-kernel/tests/ledger_policy_tests.rs
expression: block
---
pub trait Policy: Send + Sync {
    /// Stage 2: synchronous, on the request path, **contractually
    /// non-blocking**. Suitable for allowlists, risk-class rules, and
    /// "never `git.push.force`, full stop". `ledger` is the read side —
    /// pending requests, states, the log tail; it grants nothing. `ctx`
    /// carries the append-only recorder for judgments reached on the way to
    /// this decision (spec §C.7) — append to it and they survive on the log
    /// whatever `evaluate` returns, including a `Defer` that a human later
    /// turns into a grant.
    ///
    /// Blocking here blocks the gate site and every other execution behind
    /// it. Anything that can take time returns `Defer` and is decided out
    /// of band, after the gate site has returned `Pending`.
    fn evaluate(&self, req: &ApprovalRequestView, ledger: &Approvals, ctx: &DecisionContext) -> Decision {
        let _ = (req, ledger, ctx);
        Decision::Defer
    }

    /// Who decided. Recorded on every grant and denial this policy
    /// produces, so `approvals log` distinguishes machine clearance from
    /// human judgment (spec §E.6). Defaults to an `Automation` principal
    /// named `policy`.
    fn principal(&self) -> Principal {
        Principal::new("policy", PrincipalKind::Automation)
    }
}
